[2026-05-10 22:05:56] [info] Start Program:
Path:"build\\j_tests.exe"
Arguments:
Working directory: not set.
Modules: Selected: * Excluded: 
Sources: Selected: src\ Excluded: osd.c main.c main_win.c jump.c install.c 
Log Level: Normal
Cover Children: 0
Aggregate by file: 1
Continue after C++ exception: 0
Optimized build support: 0
Export: cobertura coverage.xml 
Input coverage: 
Unified diff: 
Excluded line regular expressions: 
Substitute pdb source paths: 
[2026-05-10 22:05:56] [info] Module: C:\Data\My Code\Jump\build\j_tests.exe is selected because it matches selected pattern: *
[2026-05-10 22:05:57] [info] Module: C:\Windows\System32\ntdll.dll is selected because it matches selected pattern: *
[2026-05-10 22:05:57] [info] Module: C:\Windows\System32\kernel32.dll is selected because it matches selected pattern: *
[2026-05-10 22:05:57] [info] Module: C:\Windows\System32\KernelBase.dll is selected because it matches selected pattern: *
[2026-05-10 22:05:57] [info] Module: C:\Windows\System32\advapi32.dll is selected because it matches selected pattern: *
[2026-05-10 22:05:57] [info] Module: C:\Windows\System32\msvcrt.dll is selected because it matches selected pattern: *
[2026-05-10 22:05:57] [info] Module: C:\Windows\System32\sechost.dll is selected because it matches selected pattern: *
[2026-05-10 22:05:57] [info] Module: C:\Windows\System32\rpcrt4.dll is selected because it matches selected pattern: *
[2026-05-10 22:05:58] [info] Module: C:\Windows\System32\kernel.appcore.dll is selected because it matches selected pattern: *
[2026-05-10 22:05:58] [info] ----------------------------------------------------
[2026-05-10 22:05:58] [info] Cobertura report generated: coverage.xml
[2026-05-10 22:05:58] [info] ----------------------------------------------------
[2026-05-10 22:05:58] [info] The code coverage report is not what you expect? See the FAQ https://github.com/OpenCppCoverage/OpenCppCoverage/wiki/FAQ.
